  skip  001_init (already applied)
  skip  002_agent_config (already applied)
  skip  003_task_context (already applied)
  skip  004_agent_runtime_loop (already applied)
  skip  005_daemon_pairing (already applied)
  skip  006_workspace_context (already applied)
  skip  007_drop_issue_repository (already applied)
  skip  008_structured_skills (already applied)
  skip  009_verification_code (already applied)
  skip  010_verification_code_attempts (already applied)
  skip  011_personal_access_tokens (already applied)
  skip  012_inbox_actor (already applied)
  skip  013_runtime_usage (already applied)
  skip  014_workspace_repos (already applied)
  skip  015_issue_subscriber (already applied)
  skip  016_backfill_subscribers (already applied)
  skip  017_comment_parent_id (already applied)
  skip  018_comment_parent_cascade (already applied)
  skip  019_inbox_details (already applied)
  skip  020_issue_number (already applied)
  skip  020_task_session (already applied)
  skip  021_agent_instructions (already applied)
  skip  022_task_lifecycle_guards (already applied)
  skip  023_agent_concurrency_default (already applied)
  skip  024_backfill_empty_issue_prefix (already applied)
  skip  025_comment_workspace_id (already applied)
  skip  026_comment_reactions (already applied)
  skip  026_task_messages (already applied)
  skip  027_issue_reactions (already applied)
  skip  028_task_trigger_comment (already applied)
  skip  029_attachment (already applied)
  skip  029_daemon_token (already applied)
  skip  029_drop_daemon_pairing (already applied)
  skip  030_agent_default_private (already applied)
  skip  031_agent_archive (already applied)
  skip  032_drop_agent_triggers (already applied)
  skip  032_issue_search_index (already applied)
  skip  032_runtime_owner (already applied)
  skip  032_task_usage (already applied)
  skip  033_chat (already applied)
  skip  033_comment_search_index (already applied)
  skip  034_projects (already applied)
  skip  035_project_priority (already applied)
  skip  035_task_queue_issue_id_index (already applied)
  skip  036_search_index_lower (already applied)
  skip  037_fix_pending_task_unique_index (already applied)
  skip  038_pinned_items (already applied)
  skip  039_project_search_index (already applied)
  skip  040_agent_custom_env (already applied)
  skip  040_chat_unread_since (already applied)
  skip  041_agent_custom_args (already applied)
  skip  041_workspace_invitation (already applied)
  skip  042_autopilot (already applied)
  skip  043_audit_reserved_slugs (already applied)
  skip  043_fix_orphaned_autopilot_runs (already applied)
  skip  044_fix_workspace_fallback_slug (already applied)
  skip  045_audit_dashboard_route_slugs (already applied)
  skip  046_agent_mcp_config (already applied)
  skip  046_agent_unique_name (already applied)
  skip  046_drop_runtime_usage (already applied)
  skip  047_audit_extended_reserved_slugs (already applied)
  skip  048_runtime_daemon_uuid (already applied)
  skip  049_audit_legacy_reserved_slugs (already applied)
  skip  050_add_onboarded_at_to_users (already applied)
  skip  050_agent_model (already applied)
  skip  050_issue_first_executed_at (already applied)
  skip  051_add_onboarding_state_to_users (already applied)
  skip  052_add_cloud_waitlist_to_users (already applied)
  skip  053_drop_orphan_onboarding_current_step (already applied)
  skip  054_add_starter_content_state_to_users (already applied)
  skip  055_task_lease_and_retry (already applied)
  skip  056_audit_newly_reserved_slugs (already applied)
  skip  057_feedback (already applied)
  skip  058_drop_autopilot_priority_and_project_id (already applied)
  skip  059_label_timestamps (already applied)
  skip  060_add_user_language (already applied)
  skip  060_agent_description_length (already applied)
  skip  060_chat_session_runtime_id (already applied)
  skip  060_issue_origin_quick_create (already applied)
  skip  061_task_trigger_summary (already applied)
  skip  062_chat_message_failure_reason (already applied)
  skip  063_chat_message_elapsed (already applied)
  skip  064_notification_preference (already applied)
  skip  065_backfill_onboarded_at (already applied)
  skip  065_project_resources (already applied)
  skip  066_force_fresh_session (already applied)
  skip  067_task_queue_claim_candidate_index (already applied)
  skip  068_timeline_keyset_index (already applied)
  skip  069_comment_resolved_at (already applied)
  skip  069_drop_task_last_heartbeat (already applied)
  skip  072_task_usage_updated_at (already applied)
  skip  073_task_usage_daily_rollup (already applied)
  skip  074_task_usage_updated_at_index (already applied)
  skip  075_task_usage_created_at_index (already applied)
  skip  076_task_usage_pgcron_extension (already applied)
  skip  077_task_usage_daily_invalidation (already applied)
  skip  078_task_usage_created_at_legacy_index (already applied)
  skip  079_autopilot_run_skipped_status (already applied)
  skip  079_backfill_api_invalid_request (already applied)
  skip  079_github_integration (already applied)
  skip  080_agent_task_queue_queued_index (already applied)
  skip  081_runtime_timezone (already applied)
  skip  082_rollup_runtime_timezone (already applied)
  skip  083_attachment_chat_columns (already applied)
  skip  083_runtime_visibility (already applied)
  skip  084_squad (already applied)
  skip  084_task_usage_dashboard_rollup (already applied)
  skip  085_squad_archive (already applied)
  skip  086_squad_avatar (already applied)
  skip  087_squad_name_not_unique (already applied)
  skip  088_squad_instructions (already applied)
  skip  089_squad_no_action_activity_index (already applied)
  skip  090_task_is_leader (already applied)
  skip  091_autopilot_webhook_triggers (already applied)
  skip  091_issue_start_date (already applied)
  skip  091_pr_ci_conflict (already applied)
  skip  092_pr_stats (already applied)
  skip  093_webhook_deliveries (already applied)
  skip  094_onboarding_questionnaire_v2 (already applied)
  skip  095_agent_thinking_level (already applied)
  skip  095_backfill_starter_content_state (already applied)
  skip  096_autopilot_squad_assignee (already applied)
  skip  096_pending_check_suite (already applied)
  skip  096_user_profile_description (already applied)
  skip  097_autopilot_project_id (already applied)
  skip  098_contact_sales_inquiries (already applied)
  skip  098_user_onboarding_runtime_choice (already applied)
  skip  100_user_timezone (already applied)
  skip  101_task_usage_hourly_schema (already applied)
  skip  102_task_usage_hourly_pipeline (already applied)
  skip  103_drop_legacy_daily_rollups (already applied)
  skip  104_drop_runtime_timezone (already applied)
  skip  105_issue_metadata (already applied)
  skip  106_member_user_workspace_index (already applied)
  skip  107_comment_system_author (already applied)
  skip  108_task_token (already applied)
  skip  109_agent_task_waiting_local_directory (already applied)
  skip  109_drop_agent_skills_local (already applied)
  skip  109_issue_pull_request_close_intent (already applied)
  skip  109_lark_integration (already applied)
  skip  110_autopilot_trigger_event_filters (already applied)
  skip  111_issue_origin_lark_chat (already applied)
  skip  111_workspace_avatar (already applied)
  skip  112_issue_dates_to_date (already applied)
  skip  112_lark_installation_bot_union_id (already applied)
  skip  113_lark_inbound_dedup_per_installation (already applied)
  skip  113_sys_cron_executions (already applied)
  skip  114_agent_task_queue_running_started_at_index (already applied)
  skip  115_agent_runtime_last_seen_at_index (already applied)
  skip  116_lark_installation_region (already applied)
  skip  117_agent_task_queue_initiator_user_id (already applied)
  skip  118_agent_task_queue_initiator_user_id_drop_fk (already applied)
  skip  119_user_created_at_index (already applied)
  skip  120_autopilot_subscriber (already applied)
  skip  120_comment_source_task_id (already applied)
  skip  120_github_pending_installation (already applied)
  skip  120_runtime_profile (already applied)
  skip  121_agent_runtime_provider_partial_unique (already applied)
  skip  122_lark_chat_session_binding_thread_reply (already applied)
  skip  122_task_handoff_note (already applied)
  skip  123_issue_stage (already applied)
  skip  124_autopilot_run_planned_at (already applied)
  skip  124_channel_generalization (already applied)
  skip  124_task_prepare_lease (already applied)
  skip  125_agent_task_queue_dispatched_prepare_index (already applied)
  skip  126_runtime_profile_drop_gemini (already applied)
  skip  127_issue_pull_request_reference_only (already applied)
  skip  127_task_squad_id (already applied)
  skip  127_user_composio_connection (already applied)
  skip  128_agent_task_queue_runtime_mcp_overlay (already applied)
  skip  128_autopilot_collaborator (already applied)
  skip  128_comment_routing_escalation (already applied)
  skip  129_agent_composio_allowlist_and_task_originator (already applied)
  skip  130_agent_invocation_permission (already applied)
  skip  131_issue_origin_slack_chat (already applied)
  skip  132_agent_task_queue_runtime_connected_apps (already applied)
  skip  133_github_installation_multi_workspace (already applied)
  skip  134_runtime_profile_add_qoder (already applied)
  skip  135_comment_workspace_index (already applied)
  skip  136_runtime_profile_add_traecli (already applied)
  skip  137_search_index_pg_trgm_extension (already applied)
  skip  138_issue_title_trgm_index (already applied)
  skip  139_issue_description_trgm_index (already applied)
  skip  140_comment_content_trgm_index (already applied)
  skip  141_project_title_trgm_index (already applied)
  skip  142_project_description_trgm_index (already applied)
  skip  143_agent_task_queue_chat_pending_v2 (already applied)
  skip  144_drop_agent_task_queue_chat_pending_v1 (already applied)
  skip  145_agent_runtime_custom_name (already applied)
  skip  149_issue_origin_agent_create (already applied)
  skip  150_agent_task_coalesced_comments (already applied)
  skip  151_chat_read_cursor (already applied)
  skip  152_chat_pinned_agent (already applied)
  skip  153_chat_pinned_agent_user_ws_index (already applied)
  skip  154_chat_agent_intro (already applied)
  skip  155_chat_session_pinned (already applied)
  skip  156_chat_session_pinned_index (already applied)
  skip  157_agent_task_delivered_comments (already applied)
  skip  158_agent_task_queue_chat_input_task_id (already applied)
  skip  159_chat_message_message_kind (already applied)
  skip  160_chat_message_input_owner_index (already applied)
  skip  161_agent_skill_enabled (already applied)
  skip  162_resource_labels (already applied)
  skip  163_agent_builder (already applied)
  skip  164_attachment_task_id (already applied)
  skip  165_attachment_task_id_index (already applied)
  skip  166_project_dates (already applied)
  skip  167_resource_label_namespace_index (already applied)
  skip  168_resource_label_type_index (already applied)
  skip  169_agent_label_lookup_index (already applied)
  skip  170_skill_label_lookup_index (already applied)
  skip  171_drop_legacy_label_namespace_index (already applied)
  skip  172_agent_system_identity_index (already applied)
  skip  173_remove_resource_label_foreign_keys (already applied)
  skip  174_legacy_label_index_rollback_prep (already applied)
  skip  175_runtime_profile_add_deveco (already applied)
  skip  176_webhook_delivery_worker (already applied)
  skip  177_autopilot_run_webhook_delivery_index (already applied)
  skip  178_webhook_delivery_queue_index (already applied)
  skip  179_runtime_profile_add_grok (already applied)
  skip  180_task_chat_finalize_deferred (already applied)
  skip  181_task_chat_finalize_deferred_index (already applied)
  skip  182_chat_draft_restore (already applied)
  skip  183_chat_draft_restore_index (already applied)
  skip  184_agent_task_attribution (already applied)
  skip  185_agent_task_accountable_user (already applied)
  skip  186_autopilot_rule_version (already applied)
  skip  187_autopilot_rule_version_index (already applied)
  skip  188_workspace_attribution_fail_closed (already applied)
  skip  189_autopilot_trigger_publisher (already applied)
  skip  190_agent_task_attribution_invariant_check (already applied)
  skip  191_issue_properties (already applied)
  skip  192_issue_properties_gin_index (already applied)
  skip  193_issue_property_drop_workspace_fk (already applied)
  skip  194_issue_property_workspace_name_index (already applied)
  skip  195_issue_property_workspace_index (already applied)
  skip  196_issue_property_icon (already applied)
  skip  197_agent_task_attribution_strict_constraint (already applied)
  skip  198_agent_task_attribution_strict_constraint_validate (already applied)
  skip  199_agent_task_attribution_legacy_exemption_remove (already applied)
  skip  200_inbox_archived_listing_index (already applied)
  skip  201_inbox_active_by_issue_index (already applied)
  skip  202_runtime_profile_add_qwen (already applied)
  skip  203_issue_workspace_assignee_index (already applied)
  skip  204_issue_workspace_parent_index (already applied)
  skip  205_issue_workspace_position_index (already applied)
  skip  206_agent_disabled_runtime_skills (already applied)
  skip  207_client_usage_daily (already applied)
  skip  208_client_usage_daily_unique_index (already applied)
  skip  209_client_usage_daily_primary_key (already applied)
  skip  210_client_usage_daily_query_index (already applied)
  skip  211_client_usage_daily_workspace_index (already applied)
  skip  212_agent_service_tier (already applied)
  skip  213_task_usage_authoritative_cost (already applied)
  skip  214_chat_session_project (already applied)
  skip  215_chat_session_project_index (already applied)
  skip  216_vcs_integration (already applied)
  skip  217_vcs_connection_workspace_index (already applied)
  skip  218_vcs_pull_request_workspace_index (already applied)
  skip  219_vcs_pull_request_connection_index (already applied)
  skip  220_issue_vcs_pull_request_pr_index (already applied)
  skip  221_vcs_commit_status_lookup_index (already applied)
  skip  222_github_pr_api_snapshot (already applied)
  skip  223_github_pr_check_run_pr_ordinal_index (already applied)
  skip  224_agent_task_session_rollout_missing (already applied)
  skip  225_chat_message_channel_media_pending (already applied)
  skip  226_chat_message_channel_ingested (already applied)
  skip  227_channel_media_pending_object (already applied)
  skip  228_channel_media_pending_object_key_index (already applied)
  skip  229_channel_media_pending_object_primary_key (already applied)
  skip  230_channel_media_pending_object_claim_index (already applied)
  skip  231_agent_task_queue_terminal_completed_at_index (already applied)
  skip  232_channel_media_pending_object_due_index (already applied)
  skip  232_workflow_template (already applied)
  skip  233_agent_task_queue_agent_terminal_latest_index (already applied)
  skip  233_workflow_template_ws_key_index (already applied)
  skip  234_agent_task_queue_retired_session_id (already applied)
  skip  234_workflow_template_version_unique_index (already applied)
  skip  235_chat_message_quick_actions (already applied)
  skip  235_workflow_run (already applied)
  skip  236_agent_task_quick_actions_disabled (already applied)
  skip  236_workflow_run_idempotency_index (already applied)
  skip  237_quick_action (already applied)
  skip  237_workflow_run_workspace_created_index (already applied)
  skip  238_quick_action_workspace_index (already applied)
  skip  238_workflow_run_active_index (already applied)
  skip  239_comment_quick_action (already applied)
  skip  239_workflow_run_issue_index (already applied)
  skip  240_agent_task_regenerate_quick_actions (already applied)
  skip  240_workflow_step_run_node_attempt_index (already applied)
  skip  241_comment_parent_lookup_index (already applied)
  skip  241_workflow_step_task_unique_index (already applied)
  skip  242_runtime_profile_add_qoderclicn (already applied)
  skip  242_workflow_step_run_index (already applied)
  skip  243_workflow_step_active_index (already applied)
  skip  243_workspace_teardown_dirty_trigger_guard (already applied)
  skip  244_issue_dependency_issue_index (already applied)
  skip  244_workflow_submission_acceptance_event (already applied)
  skip  245_issue_dependency_depends_on_index (already applied)
  skip  245_workflow_submission_step_index (already applied)
  skip  246_inbox_item_issue_index (already applied)
  skip  246_workflow_acceptance_pending_index (already applied)
  skip  247_comment_parent_index (already applied)
  skip  247_workflow_event_idempotency_index (already applied)
  skip  248_agent_task_trigger_comment_index (already applied)
  skip  248_workflow_event_run_index (already applied)
  skip  249_issue_subscriber_delegated (already applied)
  skip  249_workflow_existing_table_links (already applied)
  skip  250_agent_task_queue_workflow_step_index (already applied)
  skip  250_issue_subscriber_opt_out_scope (already applied)
  skip  251_agent_runtime_unbind (already applied)
  skip  251_workflow_step_input_node_type (already applied)
  skip  252_agent_builder_draft (already applied)
  skip  252_workflow_step_trace_position (already applied)
  skip  253_runtime_profile_add_qwenpaw (already applied)
  skip  253_workflow_step_trace_position_index (already applied)
  skip  254_runtime_profile_add_reasonix (already applied)
  skip  254_tes85_workflow_acceptance_id_index (already applied)
  skip  254_tes85_workflow_event_id_index (already applied)
  skip  254_tes85_workflow_run_id_index (already applied)
  skip  254_tes85_workflow_run_request_hash (already applied)
  skip  254_tes85_workflow_step_instance_id_index (already applied)
  skip  254_tes85_workflow_submission_id_index (already applied)
  skip  254_tes85_workflow_template_id_index (already applied)
  skip  254_tes85_workflow_template_version_id_index (already applied)
  skip  255_agent_task_queue_chat_pending_deferred_v3 (already applied)
  skip  255_tes85_workflow_acceptance_pkey (already applied)
  skip  255_tes85_workflow_event_pkey (already applied)
  skip  255_tes85_workflow_run_pkey (already applied)
  skip  255_tes85_workflow_step_instance_pkey (already applied)
  skip  255_tes85_workflow_submission_pkey (already applied)
  skip  255_tes85_workflow_template_pkey (already applied)
  skip  255_tes85_workflow_template_version_pkey (already applied)
  skip  256_drop_agent_task_queue_chat_pending_v2 (already applied)
  skip  257_agent_task_queue_channel_media_pending_unique_v2 (already applied)
  skip  258_drop_pending_issue_agent_v1 (already applied)
  skip  259_issue_origin_dingtalk_chat (already applied)
  skip  260_issue_origin_dingtalk_chat_validate (already applied)
  skip  261_agent_task_queue_terminal_completed_at_v2 (already applied)
  skip  262_drop_agent_task_queue_terminal_completed_at_v1 (already applied)
  skip  263_issue_origin_wecom_chat (already applied)
  skip  264_issue_origin_wecom_chat_validate (already applied)
  skip  265_issue_view (already applied)
  skip  266_issue_view_owner_index (already applied)
  skip  267_issue_view_shared_index (already applied)
  skip  268_issue_view_preference (already applied)
  skip  269_issue_view_workspace_variant (already applied)
  skip  270_pinned_item_view (already applied)
  skip  271_channel_chat_pending_fresh (already applied)
  skip  272_rollup_task_usage_hourly_xact_lock (already applied)
  skip  273_agent_task_queue_runtime_id_index (already applied)
  skip  274_task_token_workspace_id_index (already applied)
  skip  275_task_token_agent_id_index (already applied)
  skip  276_chat_draft_restore_task_id_index (already applied)
  skip  277_autopilot_run_task_id_index (already applied)
  skip  278_agent_task_queue_agent_id_keyset_index (already applied)
  skip  279_agent_task_queue_issue_id_keyset_index (already applied)
  skip  281_agent_workspace_id_keyset_index (already applied)
  skip  282_issue_workspace_id_keyset_index (already applied)
  skip  283_agent_runtime_workspace_id_keyset_index (already applied)
  skip  284_task_owner_row_fence (already applied)
  skip  284_workflow_template_revision (already applied)
  skip  285_plugin_lifecycle_v1 (already applied)
  skip  286_plugin_identity_key_index (already applied)
  skip  287_plugin_release_version_index (already applied)
  skip  288_plugin_installation_workspace_plugin_index (already applied)
  skip  289_plugin_contribution_key_index (already applied)
  skip  290_plugin_contribution_ordinal_index (already applied)
  skip  291_plugin_grant_revision_index (already applied)
  skip  292_plugin_binding_revision_index (already applied)
  skip  293_plugin_installation_workspace_index (already applied)
  skip  294_plugin_snapshot_execution_v1 (already applied)
  skip  295_plugin_artifact_file_index (already applied)
  skip  296_plugin_snapshot_revision_index (already applied)
  skip  297_plugin_execution_task_index (already applied)
  skip  298_plugin_health_index (already applied)
  skip  299_agent_task_plugin_manifest_index (already applied)
  skip  300_drop_redundant_issue_workspace_number_index (already applied)
  skip  301_drop_redundant_sys_cron_job_plan_index (already applied)
  skip  302_drop_redundant_channel_chat_session_binding_index (already applied)
  skip  303_drop_redundant_lark_chat_session_binding_index (already applied)
  skip  304_dingtalk_group_route (already applied)
  skip  305_dingtalk_group_route_installation_conversation_unique (already applied)
  skip  306_dingtalk_group_route_workspace_index (already applied)
  skip  307_dingtalk_group_route_id_unique (already applied)
  skip  308_agent_task_branch_name (already applied)
  skip  309_agent_runtime_id_index (already applied)
  skip  310_workspace_private_plugin_identity (already applied)
  skip  311_plugin_identity_scoped_key_index (already applied)
  skip  312_drop_global_plugin_identity_key_index (already applied)
  skip  313_runtime_profile_add_dsh (already applied)
  skip  314_workspace_mcp_config (already applied)
  skip  315_workspace_mcp_server (already applied)
  skip  316_workspace_mcp_server_name_unique (already applied)
  skip  317_agent_mcp_server_server_index (already applied)
  skip  318_drop_workspace_mcp_config (already applied)
  skip  319_remote_mcp_plugin_v1 (already applied)
  skip  320_plugin_installation_config_revision_index (already applied)
  skip  321_plugin_installation_config_workspace_index (already applied)
  skip  322_plugin_remote_mcp_secret_revision_index (already applied)
  skip  323_plugin_remote_mcp_secret_workspace_index (already applied)
  skip  324_plugin_remote_mcp_one_active_secret_index (already applied)
  skip  325_plugin_remote_mcp_oauth (already applied)
  skip  326_plugin_remote_mcp_oauth_state_expiry_index (already applied)
  skip  327_workspace_share_link (already applied)
  skip  328_workspace_share_link_id_uidx (already applied)
  skip  329_workspace_share_link_primary_key (already applied)
  skip  330_workspace_share_link_active_ws_uidx (already applied)
  skip  331_workspace_share_link_code_uidx (already applied)
  skip  332_issue_status (already applied)
  skip  333_issue_status_pkey_index (already applied)
  skip  334_issue_status_primary_key (already applied)
  skip  335_issue_status_workspace_key_index (already applied)
  skip  336_issue_status_workspace_name_index (already applied)
  skip  337_issue_status_open_check (already applied)
  skip  338_issue_status_validate_format (already applied)
  skip  339_seed_issue_status_catalog (already applied)
  skip  340_issue_effective_status_fn (already applied)
  skip  341_issue_property_actor_types (already applied)
  skip  342_runtime_profile_add_mcode (already applied)
  skip  343_comment_delegated_failure_pending_index (already applied)
  skip  344_plugin_v2_reset (already applied)
  skip  345_plugin_installation_workspace_key_index (already applied)
  skip  346_plugin_storage_scope_key_index (already applied)
  skip  347_plugin_secret_installation_key_index (already applied)
  skip  348_plugin_via_attribution (already applied)
  skip  349_agent_task_queue_chat_terminal_resume_index (already applied)
  skip  350_agent_task_queue_chat_retired_session_index (already applied)
  skip  351_issue_comment_revision (already applied)
  skip  352_autopilot_quota_execution (already applied)
  skip  353_autopilot_quota_period_scope_index (already applied)
  skip  354_autopilot_quota_reservation_id_index (already applied)
  skip  355_autopilot_quota_reservation_key_index (already applied)
  skip  356_autopilot_run_quota_reservation_index (already applied)
  skip  357_webhook_delivery_replay_idempotency_index (already applied)
  skip  358_autopilot_quota_reservation_state_index (already applied)
  skip  359_autopilot_quota_primary_keys (already applied)
  skip  360_issue_last_activity_at (already applied)
  skip  361_issue_last_activity_index (already applied)
  skip  362_plugin_hook_engine (already applied)
  skip  363_plugin_invocation_installation_index (already applied)
  skip  364_plugin_invocation_created_at_index (already applied)
  skip  365_plugin_comment_author_type_validate (already applied)
  skip  366_issue_origin_telegram_chat (already applied)
  skip  367_issue_origin_telegram_chat_validate (already applied)
  skip  368_skill_plugin_ownership (already applied)
  skip  369_plugin_mcp_approvals (already applied)
  skip  370_runtime_profile_add_dim (already applied)
  skip  371_comment_content_search_index_strategy (already applied)
  skip  375_drop_issue_last_activity_index (already applied)
  skip  376_agent_task_durable_work_dir (already applied)
  skip  377_channel_chat_context_generation (already applied)
  skip  378_channel_chat_context_generation_key (already applied)
  skip  379_channel_context_mixed_version_guard (already applied)
  skip  382_remove_dingtalk_group_routing_bindings (already applied)
  skip  383_create_dingtalk_group_presence (already applied)
  skip  384_create_dingtalk_group_presence_identity_index (already applied)
  skip  385_create_dingtalk_group_presence_activity_index (already applied)
  skip  386_backfill_dingtalk_group_presence (already applied)
  skip  387_create_dingtalk_bot_identity (already applied)
  skip  388_create_dingtalk_bot_identity_installation_index (already applied)
  skip  389_backfill_dingtalk_bot_identity (already applied)
  skip  390_agent_task_queue_dispatched_reclaim_v2_index (already applied)
  skip  391_drop_agent_task_queue_dispatched_prepare_index (already applied)
  skip  392_plugin_package_publishing (already applied)
  skip  393_plugin_package_workspace_key_index (already applied)
  skip  394_plugin_package_version_unique_index (already applied)
  skip  395_plugin_package_version_package_index (already applied)
  skip  396_plugin_package_file_path_index (already applied)
  skip  397_plugin_installation_package_version_index (already applied)
  skip  398_issue_workspace_status_position_index (already applied)
  skip  399_plugin_hook_schedule (already applied)
  skip  400_plugin_hook_schedule_installation_key_index (already applied)
  skip  401_plugin_hook_schedule_enabled_index (already applied)
  skip  402_plugin_invocation_schedule_trigger_validate (already applied)
  skip  403_runtime_profile_add_zeroclaw (already applied)
  skip  404_agent_starter_prompts (already applied)
  skip  407_issue_source_context (already applied)
  skip  408_issue_source_context_id_index (already applied)
  skip  409_issue_source_context_issue_index (already applied)
  skip  410_issue_source_context_origin_task_index (already applied)
  skip  411_attachment_source_context_index (already applied)
  skip  412_issue_source_context_object_intent_key_index (already applied)
  skip  413_issue_source_context_object_intent_due_index (already applied)
  skip  414_issue_source_context_object_intent_context_index (already applied)
  skip  415_seat_capacity_outbox (already applied)
  skip  416_seat_capacity_operation_token_index (already applied)
  skip  417_seat_capacity_primary_key (already applied)
  skip  418_seat_capacity_due_index (already applied)
  skip  419_seat_capacity_share_join_index (already applied)
  skip  420_channel_chat_route_generation (already applied)
  skip  421_channel_chat_active_route_index (already applied)
  skip  422_channel_chat_route_history (already applied)
  skip  423_channel_task_delivery_pkey_index (already applied)
  skip  424_channel_task_delivery_primary_key (already applied)
  skip  425_channel_outbound_message (already applied)
  skip  426_channel_outbound_message_id_index (already applied)
  skip  427_channel_task_delivery_backfill (already applied)
  skip  428_channel_task_delivery_binding_index (already applied)
  skip  429_channel_task_delivery_installation_index (already applied)
  skip  430_channel_outbound_message_binding_index (already applied)
  skip  431_chat_explicit_origin_backfill (already applied)
  skip  432_agent_conversation_starters_rename (already applied)
  skip  437_drop_agent_runtime_last_seen_at_index (already applied)
  skip  438_agent_runtime_online_last_seen_index (already applied)
  skip  439_agent_runtime_offline_last_seen_index (already applied)
  skip  440_github_pr_head_sha_index (already applied)
  skip  441_runtime_profile_add_codearts (already applied)
  skip  442_vcs_reference_only_repair (already applied)
  skip  443_issue_project_status_index (already applied)
  skip  444_comment_recovery_settled_at (already applied)
  skip  445_comment_delegated_failure_unsettled_index (already applied)
  skip  446_issue_properties_bigm_index (already applied)
  skip  447_issue_properties_bigm_index_statistics (already applied)
  skip  448_autopilot_quota_rejection_notified_at (already applied)
  skip  449_autopilot_trigger_created_by (already applied)
  skip  450_drop_comment_delegated_failure_pending_index (already applied)
  skip  451_agent_task_comment_thread (already applied)
  skip  452_agent_task_pending_thread_unique (already applied)
  skip  453_drop_pending_issue_agent_unique (already applied)
  skip  454_drop_comment_content_bigm_index (already applied)
  skip  455_drop_comment_content_trgm_index (already applied)
  skip  456_cancel_comment_assignee_fallbacks (already applied)
  skip  457_task_message_output_truncated (already applied)
  skip  458_agent_task_cancellation_actor (already applied)
  skip  459_chat_message_assistant_task_index (already applied)
  skip  460_agent_task_queue_autopilot_run_created_at_index (already applied)
  skip  461_channel_trigger_snapshot (already applied)
  skip  462_delete_reference_only_pr_links (already applied)
  skip  463_drop_issue_description_bigm_index (already applied)
  skip  464_drop_issue_description_trgm_index (already applied)
  skip  465_agent_task_queue_chat_with_session_index (already applied)
  skip  466_activity_log_member_assignee_frequency_index (already applied)
  skip  467_autopilot_trigger_creator_from_autopilot (already applied)
  skip  468_drop_reference_only_column (already applied)
  skip  469_issue_status_lifecycle_categories (already applied)
  skip  470_issue_status_icon (already applied)
  skip  471_comment_deleted_at (already applied)
  skip  472_agent_task_queue_chat_session_index (already applied)
  skip  473_drop_agent_task_queue_chat_with_session_index (already applied)
  skip  474_dingtalk_bot_identity_workspace_index (already applied)
  skip  475_issue_status_key_not_reserved (already applied)
  skip  476_reserve_triage_status_key (already applied)
  skip  477_issue_effective_status_triage (already applied)
  skip  478_issue_status_category_expand (already applied)
Done.
