  up  001_init
  up  002_agent_config
  up  003_task_context
  up  004_agent_runtime_loop
  up  005_daemon_pairing
  up  006_workspace_context
  up  007_drop_issue_repository
  up  008_structured_skills
  up  009_verification_code
  up  010_verification_code_attempts
  up  011_personal_access_tokens
  up  012_inbox_actor
  up  013_runtime_usage
  up  014_workspace_repos
  up  015_issue_subscriber
  up  016_backfill_subscribers
  up  017_comment_parent_id
  up  018_comment_parent_cascade
  up  019_inbox_details
  up  020_issue_number
  up  020_task_session
  up  021_agent_instructions
  up  022_task_lifecycle_guards
  up  023_agent_concurrency_default
  up  024_backfill_empty_issue_prefix
  up  025_comment_workspace_id
  up  026_comment_reactions
  up  026_task_messages
  up  027_issue_reactions
  up  028_task_trigger_comment
  up  029_attachment
  up  029_daemon_token
  up  029_drop_daemon_pairing
  up  030_agent_default_private
  up  031_agent_archive
  up  032_drop_agent_triggers
  up  032_issue_search_index
  up  032_runtime_owner
  up  032_task_usage
  up  033_chat
  up  033_comment_search_index
  up  034_projects
  up  035_project_priority
23:18:49.259 INF running pre-migration hook version=035_task_queue_issue_id_index direction=up
  up  035_task_queue_issue_id_index
  up  036_search_index_lower
  up  037_fix_pending_task_unique_index
  up  038_pinned_items
  up  039_project_search_index
  up  040_agent_custom_env
  up  040_chat_unread_since
  up  041_agent_custom_args
  up  041_workspace_invitation
  up  042_autopilot
  up  043_audit_reserved_slugs
  up  043_fix_orphaned_autopilot_runs
  up  044_fix_workspace_fallback_slug
  up  045_audit_dashboard_route_slugs
  up  046_agent_mcp_config
  up  046_agent_unique_name
  up  046_drop_runtime_usage
  up  047_audit_extended_reserved_slugs
  up  048_runtime_daemon_uuid
  up  049_audit_legacy_reserved_slugs
  up  050_add_onboarded_at_to_users
  up  050_agent_model
  up  050_issue_first_executed_at
  up  051_add_onboarding_state_to_users
  up  052_add_cloud_waitlist_to_users
  up  053_drop_orphan_onboarding_current_step
  up  054_add_starter_content_state_to_users
  up  055_task_lease_and_retry
  up  056_audit_newly_reserved_slugs
  up  057_feedback
  up  058_drop_autopilot_priority_and_project_id
  up  059_label_timestamps
  up  060_add_user_language
  up  060_agent_description_length
  up  060_chat_session_runtime_id
  up  060_issue_origin_quick_create
  up  061_task_trigger_summary
  up  062_chat_message_failure_reason
  up  063_chat_message_elapsed
  up  064_notification_preference
  up  065_backfill_onboarded_at
  up  065_project_resources
  up  066_force_fresh_session
23:18:49.436 INF running pre-migration hook version=067_task_queue_claim_candidate_index direction=up
  up  067_task_queue_claim_candidate_index
  up  068_timeline_keyset_index
  up  069_comment_resolved_at
  up  069_drop_task_last_heartbeat
  up  072_task_usage_updated_at
  up  073_task_usage_daily_rollup
23:18:49.461 INF running pre-migration hook version=074_task_usage_updated_at_index direction=up
  up  074_task_usage_updated_at_index
23:18:49.467 INF running pre-migration hook version=075_task_usage_created_at_index direction=up
  up  075_task_usage_created_at_index
  up  076_task_usage_pgcron_extension
  up  077_task_usage_daily_invalidation
23:18:49.481 INF running pre-migration hook version=078_task_usage_created_at_legacy_index direction=up
  up  078_task_usage_created_at_legacy_index
  up  079_autopilot_run_skipped_status
  up  079_backfill_api_invalid_request
  up  079_github_integration
23:18:49.500 INF running pre-migration hook version=080_agent_task_queue_queued_index direction=up
  up  080_agent_task_queue_queued_index
  up  081_runtime_timezone
  up  082_rollup_runtime_timezone
  up  083_attachment_chat_columns
  up  083_runtime_visibility
  up  084_squad
  up  084_task_usage_dashboard_rollup
  up  085_squad_archive
  up  086_squad_avatar
  up  087_squad_name_not_unique
  up  088_squad_instructions
  up  089_squad_no_action_activity_index
  up  090_task_is_leader
  up  091_autopilot_webhook_triggers
  up  091_issue_start_date
  up  091_pr_ci_conflict
  up  092_pr_stats
  up  093_webhook_deliveries
  up  094_onboarding_questionnaire_v2
  up  095_agent_thinking_level
  up  095_backfill_starter_content_state
  up  096_autopilot_squad_assignee
  up  096_pending_check_suite
  up  096_user_profile_description
  up  097_autopilot_project_id
  up  098_contact_sales_inquiries
  up  098_user_onboarding_runtime_choice
  up  100_user_timezone
  up  101_task_usage_hourly_schema
  up  102_task_usage_hourly_pipeline
23:18:49.705 INF running pre-migration hook version=103_drop_legacy_daily_rollups direction=up
23:18:49.711 INF task_usage hourly rollup hook: task_usage empty, watermark stamped from db now()
23:18:49.711 INF task_usage hourly rollup hook: skipped reason=task_usage_empty watermark_stamped=true
  up  103_drop_legacy_daily_rollups
  up  104_drop_runtime_timezone
  up  105_issue_metadata
23:18:49.724 INF running pre-migration hook version=106_member_user_workspace_index direction=up
  up  106_member_user_workspace_index
  up  107_comment_system_author
  up  108_task_token
  up  109_agent_task_waiting_local_directory
  up  109_drop_agent_skills_local
  up  109_issue_pull_request_close_intent
  up  109_lark_integration
  up  110_autopilot_trigger_event_filters
  up  111_issue_origin_lark_chat
  up  111_workspace_avatar
  up  112_issue_dates_to_date
  up  112_lark_installation_bot_union_id
  up  113_lark_inbound_dedup_per_installation
  up  113_sys_cron_executions
23:18:49.785 INF running pre-migration hook version=114_agent_task_queue_running_started_at_index direction=up
  up  114_agent_task_queue_running_started_at_index
23:18:49.791 INF running pre-migration hook version=115_agent_runtime_last_seen_at_index direction=up
  up  115_agent_runtime_last_seen_at_index
  up  116_lark_installation_region
  up  117_agent_task_queue_initiator_user_id
  up  118_agent_task_queue_initiator_user_id_drop_fk
23:18:49.806 INF running pre-migration hook version=119_user_created_at_index direction=up
  up  119_user_created_at_index
  up  120_autopilot_subscriber
  up  120_comment_source_task_id
  up  120_github_pending_installation
  up  120_runtime_profile
  up  121_agent_runtime_provider_partial_unique
  up  122_lark_chat_session_binding_thread_reply
  up  122_task_handoff_note
  up  123_issue_stage
  up  124_autopilot_run_planned_at
  up  124_channel_generalization
  up  124_task_prepare_lease
23:18:49.857 INF running pre-migration hook version=125_agent_task_queue_dispatched_prepare_index direction=up
  up  125_agent_task_queue_dispatched_prepare_index
  up  126_runtime_profile_drop_gemini
  up  127_issue_pull_request_reference_only
  up  127_task_squad_id
  up  127_user_composio_connection
  up  128_agent_task_queue_runtime_mcp_overlay
  up  128_autopilot_collaborator
  up  128_comment_routing_escalation
  up  129_agent_composio_allowlist_and_task_originator
  up  130_agent_invocation_permission
  up  131_issue_origin_slack_chat
  up  132_agent_task_queue_runtime_connected_apps
  up  133_github_installation_multi_workspace
  up  134_runtime_profile_add_qoder
23:18:49.910 INF running pre-migration hook version=135_comment_workspace_index direction=up
  up  135_comment_workspace_index
  up  136_runtime_profile_add_traecli
  up  137_search_index_pg_trgm_extension
23:18:49.928 INF running pre-migration hook version=138_issue_title_trgm_index direction=up
  up  138_issue_title_trgm_index
23:18:49.935 INF running pre-migration hook version=139_issue_description_trgm_index direction=up
  up  139_issue_description_trgm_index (SQL skipped: issue description search indexes are retired by migration 464)
23:18:49.936 INF running pre-migration hook version=140_comment_content_trgm_index direction=up
  up  140_comment_content_trgm_index (SQL skipped: comment content search indexes are retired by migration 455)
23:18:49.938 INF running pre-migration hook version=141_project_title_trgm_index direction=up
  up  141_project_title_trgm_index
23:18:49.944 INF running pre-migration hook version=142_project_description_trgm_index direction=up
  up  142_project_description_trgm_index
23:18:49.950 INF running pre-migration hook version=143_agent_task_queue_chat_pending_v2 direction=up
  up  143_agent_task_queue_chat_pending_v2
  up  144_drop_agent_task_queue_chat_pending_v1
  up  145_agent_runtime_custom_name
  up  149_issue_origin_agent_create
  up  150_agent_task_coalesced_comments
  up  151_chat_read_cursor
  up  152_chat_pinned_agent
23:18:49.977 INF running pre-migration hook version=153_chat_pinned_agent_user_ws_index direction=up
  up  153_chat_pinned_agent_user_ws_index
  up  154_chat_agent_intro
  up  155_chat_session_pinned
23:18:49.989 INF running pre-migration hook version=156_chat_session_pinned_index direction=up
  up  156_chat_session_pinned_index
  up  157_agent_task_delivered_comments
  up  158_agent_task_queue_chat_input_task_id
  up  159_chat_message_message_kind
23:18:50.005 INF running pre-migration hook version=160_chat_message_input_owner_index direction=up
  up  160_chat_message_input_owner_index
  up  161_agent_skill_enabled
  up  162_resource_labels
  up  163_agent_builder
  up  164_attachment_task_id
23:18:50.025 INF running pre-migration hook version=165_attachment_task_id_index direction=up
  up  165_attachment_task_id_index
  up  166_project_dates
23:18:50.034 INF running pre-migration hook version=167_resource_label_namespace_index direction=up
  up  167_resource_label_namespace_index
23:18:50.041 INF running pre-migration hook version=168_resource_label_type_index direction=up
  up  168_resource_label_type_index
23:18:50.046 INF running pre-migration hook version=169_agent_label_lookup_index direction=up
  up  169_agent_label_lookup_index
23:18:50.052 INF running pre-migration hook version=170_skill_label_lookup_index direction=up
  up  170_skill_label_lookup_index
  up  171_drop_legacy_label_namespace_index
23:18:50.063 INF running pre-migration hook version=172_agent_system_identity_index direction=up
  up  172_agent_system_identity_index
  up  173_remove_resource_label_foreign_keys
  up  174_legacy_label_index_rollback_prep
  up  175_runtime_profile_add_deveco
  up  176_webhook_delivery_worker
23:18:50.081 INF running pre-migration hook version=177_autopilot_run_webhook_delivery_index direction=up
  up  177_autopilot_run_webhook_delivery_index
23:18:50.086 INF running pre-migration hook version=178_webhook_delivery_queue_index direction=up
  up  178_webhook_delivery_queue_index
  up  179_runtime_profile_add_grok
  up  180_task_chat_finalize_deferred
23:18:50.098 INF running pre-migration hook version=181_task_chat_finalize_deferred_index direction=up
  up  181_task_chat_finalize_deferred_index
  up  182_chat_draft_restore
23:18:50.108 INF running pre-migration hook version=183_chat_draft_restore_index direction=up
  up  183_chat_draft_restore_index
  up  184_agent_task_attribution
  up  185_agent_task_accountable_user
  up  186_autopilot_rule_version
23:18:50.125 INF running pre-migration hook version=187_autopilot_rule_version_index direction=up
  up  187_autopilot_rule_version_index
  up  188_workspace_attribution_fail_closed
  up  189_autopilot_trigger_publisher
  up  190_agent_task_attribution_invariant_check
  up  191_issue_properties
23:18:50.144 INF running pre-migration hook version=192_issue_properties_gin_index direction=up
  up  192_issue_properties_gin_index
  up  193_issue_property_drop_workspace_fk
23:18:50.152 INF running pre-migration hook version=194_issue_property_workspace_name_index direction=up
  up  194_issue_property_workspace_name_index
23:18:50.157 INF running pre-migration hook version=195_issue_property_workspace_index direction=up
  up  195_issue_property_workspace_index
  up  196_issue_property_icon
  up  197_agent_task_attribution_strict_constraint
23:18:50.170 INF running pre-migration hook version=198_agent_task_attribution_strict_constraint_validate direction=up
23:18:50.173 INF attribution backfill: no rows needed reconciliation before migration 198
23:18:50.173 INF attribution backfill hook: complete rows_backfilled=0 batches=0 mismatch_normalized=0
  up  198_agent_task_attribution_strict_constraint_validate
  up  199_agent_task_attribution_legacy_exemption_remove
23:18:50.179 INF running pre-migration hook version=200_inbox_archived_listing_index direction=up
  up  200_inbox_archived_listing_index
23:18:50.184 INF running pre-migration hook version=201_inbox_active_by_issue_index direction=up
  up  201_inbox_active_by_issue_index
  up  202_runtime_profile_add_qwen
23:18:50.193 INF running pre-migration hook version=203_issue_workspace_assignee_index direction=up
  up  203_issue_workspace_assignee_index
23:18:50.198 INF running pre-migration hook version=204_issue_workspace_parent_index direction=up
  up  204_issue_workspace_parent_index
23:18:50.204 INF running pre-migration hook version=205_issue_workspace_position_index direction=up
  up  205_issue_workspace_position_index
  up  206_agent_disabled_runtime_skills
  up  207_client_usage_daily
23:18:50.219 INF running pre-migration hook version=208_client_usage_daily_unique_index direction=up
  up  208_client_usage_daily_unique_index
  up  209_client_usage_daily_primary_key
23:18:50.229 INF running pre-migration hook version=210_client_usage_daily_query_index direction=up
  up  210_client_usage_daily_query_index
23:18:50.235 INF running pre-migration hook version=211_client_usage_daily_workspace_index direction=up
  up  211_client_usage_daily_workspace_index
  up  212_agent_service_tier
  up  213_task_usage_authoritative_cost
  up  214_chat_session_project
23:18:50.250 INF running pre-migration hook version=215_chat_session_project_index direction=up
  up  215_chat_session_project_index
  up  216_vcs_integration
23:18:50.260 INF running pre-migration hook version=217_vcs_connection_workspace_index direction=up
  up  217_vcs_connection_workspace_index
23:18:50.267 INF running pre-migration hook version=218_vcs_pull_request_workspace_index direction=up
  up  218_vcs_pull_request_workspace_index
23:18:50.273 INF running pre-migration hook version=219_vcs_pull_request_connection_index direction=up
  up  219_vcs_pull_request_connection_index
23:18:50.278 INF running pre-migration hook version=220_issue_vcs_pull_request_pr_index direction=up
  up  220_issue_vcs_pull_request_pr_index
23:18:50.284 INF running pre-migration hook version=221_vcs_commit_status_lookup_index direction=up
  up  221_vcs_commit_status_lookup_index
  up  222_github_pr_api_snapshot
23:18:50.293 INF running pre-migration hook version=223_github_pr_check_run_pr_ordinal_index direction=up
  up  223_github_pr_check_run_pr_ordinal_index
  up  224_agent_task_session_rollout_missing
  up  225_chat_message_channel_media_pending
  up  226_chat_message_channel_ingested
  up  227_channel_media_pending_object
23:18:50.312 INF running pre-migration hook version=228_channel_media_pending_object_key_index direction=up
  up  228_channel_media_pending_object_key_index
  up  229_channel_media_pending_object_primary_key
23:18:50.321 INF running pre-migration hook version=230_channel_media_pending_object_claim_index direction=up
  up  230_channel_media_pending_object_claim_index
23:18:50.328 INF running pre-migration hook version=231_agent_task_queue_terminal_completed_at_index direction=up
  up  231_agent_task_queue_terminal_completed_at_index
23:18:50.333 INF running pre-migration hook version=232_channel_media_pending_object_due_index direction=up
  up  232_channel_media_pending_object_due_index
  up  232_workflow_template
23:18:50.344 INF running pre-migration hook version=233_agent_task_queue_agent_terminal_latest_index direction=up
  up  233_agent_task_queue_agent_terminal_latest_index
23:18:50.349 INF running pre-migration hook version=233_workflow_template_ws_key_index direction=up
  up  233_workflow_template_ws_key_index
  up  234_agent_task_queue_retired_session_id
23:18:50.359 INF running pre-migration hook version=234_workflow_template_version_unique_index direction=up
  up  234_workflow_template_version_unique_index
  up  235_chat_message_quick_actions
  up  235_workflow_run
  up  236_agent_task_quick_actions_disabled
23:18:50.376 INF running pre-migration hook version=236_workflow_run_idempotency_index direction=up
  up  236_workflow_run_idempotency_index
  up  237_quick_action
23:18:50.385 INF running pre-migration hook version=237_workflow_run_workspace_created_index direction=up
  up  237_workflow_run_workspace_created_index
23:18:50.392 INF running pre-migration hook version=238_quick_action_workspace_index direction=up
  up  238_quick_action_workspace_index
23:18:50.397 INF running pre-migration hook version=238_workflow_run_active_index direction=up
  up  238_workflow_run_active_index
  up  239_comment_quick_action
23:18:50.406 INF running pre-migration hook version=239_workflow_run_issue_index direction=up
  up  239_workflow_run_issue_index
  up  240_agent_task_regenerate_quick_actions
23:18:50.415 INF running pre-migration hook version=240_workflow_step_run_node_attempt_index direction=up
  up  240_workflow_step_run_node_attempt_index
23:18:50.420 INF running pre-migration hook version=241_comment_parent_lookup_index direction=up
  up  241_comment_parent_lookup_index
23:18:50.427 INF running pre-migration hook version=241_workflow_step_task_unique_index direction=up
  up  241_workflow_step_task_unique_index
  up  242_runtime_profile_add_qoderclicn
23:18:50.435 INF running pre-migration hook version=242_workflow_step_run_index direction=up
  up  242_workflow_step_run_index
23:18:50.442 INF running pre-migration hook version=243_workflow_step_active_index direction=up
  up  243_workflow_step_active_index
  up  243_workspace_teardown_dirty_trigger_guard
23:18:50.451 INF running pre-migration hook version=244_issue_dependency_issue_index direction=up
  up  244_issue_dependency_issue_index
  up  244_workflow_submission_acceptance_event
23:18:50.463 INF running pre-migration hook version=245_issue_dependency_depends_on_index direction=up
  up  245_issue_dependency_depends_on_index
23:18:50.469 INF running pre-migration hook version=245_workflow_submission_step_index direction=up
  up  245_workflow_submission_step_index
23:18:50.475 INF running pre-migration hook version=246_inbox_item_issue_index direction=up
  up  246_inbox_item_issue_index
23:18:50.481 INF running pre-migration hook version=246_workflow_acceptance_pending_index direction=up
  up  246_workflow_acceptance_pending_index
23:18:50.487 INF running pre-migration hook version=247_comment_parent_index direction=up
  up  247_comment_parent_index
23:18:50.493 INF running pre-migration hook version=247_workflow_event_idempotency_index direction=up
  up  247_workflow_event_idempotency_index
23:18:50.499 INF running pre-migration hook version=248_agent_task_trigger_comment_index direction=up
  up  248_agent_task_trigger_comment_index
23:18:50.505 INF running pre-migration hook version=248_workflow_event_run_index direction=up
  up  248_workflow_event_run_index
  up  249_issue_subscriber_delegated
  up  249_workflow_existing_table_links
23:18:50.519 INF running pre-migration hook version=250_agent_task_queue_workflow_step_index direction=up
  up  250_agent_task_queue_workflow_step_index
  up  250_issue_subscriber_opt_out_scope
  up  251_agent_runtime_unbind
  up  251_workflow_step_input_node_type
  up  252_agent_builder_draft
  up  252_workflow_step_trace_position
  up  253_runtime_profile_add_qwenpaw
23:18:50.549 INF running pre-migration hook version=253_workflow_step_trace_position_index direction=up
  up  253_workflow_step_trace_position_index
  up  254_runtime_profile_add_reasonix
23:18:50.558 INF running pre-migration hook version=254_tes85_workflow_acceptance_id_index direction=up
  up  254_tes85_workflow_acceptance_id_index
23:18:50.573 INF running pre-migration hook version=254_tes85_workflow_event_id_index direction=up
  up  254_tes85_workflow_event_id_index
23:18:50.583 INF running pre-migration hook version=254_tes85_workflow_run_id_index direction=up
  up  254_tes85_workflow_run_id_index
  up  254_tes85_workflow_run_request_hash
23:18:50.597 INF running pre-migration hook version=254_tes85_workflow_step_instance_id_index direction=up
  up  254_tes85_workflow_step_instance_id_index
23:18:50.608 INF running pre-migration hook version=254_tes85_workflow_submission_id_index direction=up
  up  254_tes85_workflow_submission_id_index
23:18:50.619 INF running pre-migration hook version=254_tes85_workflow_template_id_index direction=up
  up  254_tes85_workflow_template_id_index
23:18:50.629 INF running pre-migration hook version=254_tes85_workflow_template_version_id_index direction=up
  up  254_tes85_workflow_template_version_id_index
23:18:50.638 INF running pre-migration hook version=255_agent_task_queue_chat_pending_deferred_v3 direction=up
  up  255_agent_task_queue_chat_pending_deferred_v3
  up  255_tes85_workflow_acceptance_pkey
  up  255_tes85_workflow_event_pkey
  up  255_tes85_workflow_run_pkey
  up  255_tes85_workflow_step_instance_pkey
  up  255_tes85_workflow_submission_pkey
  up  255_tes85_workflow_template_pkey
  up  255_tes85_workflow_template_version_pkey
  up  256_drop_agent_task_queue_chat_pending_v2
23:18:50.682 INF running pre-migration hook version=257_agent_task_queue_channel_media_pending_unique_v2 direction=up
  up  257_agent_task_queue_channel_media_pending_unique_v2
  up  258_drop_pending_issue_agent_v1
  up  259_issue_origin_dingtalk_chat
  up  260_issue_origin_dingtalk_chat_validate
23:18:50.700 INF running pre-migration hook version=261_agent_task_queue_terminal_completed_at_v2 direction=up
  up  261_agent_task_queue_terminal_completed_at_v2
  up  262_drop_agent_task_queue_terminal_completed_at_v1
  up  263_issue_origin_wecom_chat
  up  264_issue_origin_wecom_chat_validate
  up  265_issue_view
23:18:50.723 INF running pre-migration hook version=266_issue_view_owner_index direction=up
  up  266_issue_view_owner_index
23:18:50.729 INF running pre-migration hook version=267_issue_view_shared_index direction=up
  up  267_issue_view_shared_index
  up  268_issue_view_preference
  up  269_issue_view_workspace_variant
  up  270_pinned_item_view
  up  271_channel_chat_pending_fresh
  up  272_rollup_task_usage_hourly_xact_lock
23:18:50.753 INF running pre-migration hook version=273_agent_task_queue_runtime_id_index direction=up
  up  273_agent_task_queue_runtime_id_index
23:18:50.759 INF running pre-migration hook version=274_task_token_workspace_id_index direction=up
  up  274_task_token_workspace_id_index
23:18:50.765 INF running pre-migration hook version=275_task_token_agent_id_index direction=up
  up  275_task_token_agent_id_index
23:18:50.771 INF running pre-migration hook version=276_chat_draft_restore_task_id_index direction=up
  up  276_chat_draft_restore_task_id_index
23:18:50.777 INF running pre-migration hook version=277_autopilot_run_task_id_index direction=up
  up  277_autopilot_run_task_id_index
23:18:50.783 INF running pre-migration hook version=278_agent_task_queue_agent_id_keyset_index direction=up
  up  278_agent_task_queue_agent_id_keyset_index
23:18:50.789 INF running pre-migration hook version=279_agent_task_queue_issue_id_keyset_index direction=up
  up  279_agent_task_queue_issue_id_keyset_index
23:18:50.796 INF running pre-migration hook version=281_agent_workspace_id_keyset_index direction=up
  up  281_agent_workspace_id_keyset_index
23:18:50.802 INF running pre-migration hook version=282_issue_workspace_id_keyset_index direction=up
  up  282_issue_workspace_id_keyset_index
23:18:50.808 INF running pre-migration hook version=283_agent_runtime_workspace_id_keyset_index direction=up
  up  283_agent_runtime_workspace_id_keyset_index
  up  284_task_owner_row_fence
  up  284_workflow_template_revision
  up  285_plugin_lifecycle_v1
23:18:50.829 INF running pre-migration hook version=286_plugin_identity_key_index direction=up
  up  286_plugin_identity_key_index
23:18:50.836 INF running pre-migration hook version=287_plugin_release_version_index direction=up
  up  287_plugin_release_version_index
23:18:50.842 INF running pre-migration hook version=288_plugin_installation_workspace_plugin_index direction=up
  up  288_plugin_installation_workspace_plugin_index
23:18:50.849 INF running pre-migration hook version=289_plugin_contribution_key_index direction=up
  up  289_plugin_contribution_key_index
23:18:50.855 INF running pre-migration hook version=290_plugin_contribution_ordinal_index direction=up
  up  290_plugin_contribution_ordinal_index
23:18:50.861 INF running pre-migration hook version=291_plugin_grant_revision_index direction=up
  up  291_plugin_grant_revision_index
23:18:50.867 INF running pre-migration hook version=292_plugin_binding_revision_index direction=up
  up  292_plugin_binding_revision_index
23:18:50.873 INF running pre-migration hook version=293_plugin_installation_workspace_index direction=up
  up  293_plugin_installation_workspace_index
  up  294_plugin_snapshot_execution_v1
23:18:50.887 INF running pre-migration hook version=295_plugin_artifact_file_index direction=up
  up  295_plugin_artifact_file_index
23:18:50.893 INF running pre-migration hook version=296_plugin_snapshot_revision_index direction=up
  up  296_plugin_snapshot_revision_index
23:18:50.900 INF running pre-migration hook version=297_plugin_execution_task_index direction=up
  up  297_plugin_execution_task_index
23:18:50.905 INF running pre-migration hook version=298_plugin_health_index direction=up
  up  298_plugin_health_index
23:18:50.912 INF running pre-migration hook version=299_agent_task_plugin_manifest_index direction=up
  up  299_agent_task_plugin_manifest_index
  up  300_drop_redundant_issue_workspace_number_index
  up  301_drop_redundant_sys_cron_job_plan_index
  up  302_drop_redundant_channel_chat_session_binding_index
  up  303_drop_redundant_lark_chat_session_binding_index
  up  304_dingtalk_group_route
23:18:50.948 INF running pre-migration hook version=305_dingtalk_group_route_installation_conversation_unique direction=up
  up  305_dingtalk_group_route_installation_conversation_unique
23:18:50.955 INF running pre-migration hook version=306_dingtalk_group_route_workspace_index direction=up
  up  306_dingtalk_group_route_workspace_index
23:18:50.961 INF running pre-migration hook version=307_dingtalk_group_route_id_unique direction=up
  up  307_dingtalk_group_route_id_unique
  up  308_agent_task_branch_name
23:18:50.970 INF running pre-migration hook version=309_agent_runtime_id_index direction=up
  up  309_agent_runtime_id_index
  up  310_workspace_private_plugin_identity
23:18:50.981 INF running pre-migration hook version=311_plugin_identity_scoped_key_index direction=up
  up  311_plugin_identity_scoped_key_index
  up  312_drop_global_plugin_identity_key_index
  up  313_runtime_profile_add_dsh
  up  314_workspace_mcp_config
  up  315_workspace_mcp_server
23:18:51.003 INF running pre-migration hook version=316_workspace_mcp_server_name_unique direction=up
  up  316_workspace_mcp_server_name_unique
23:18:51.010 INF running pre-migration hook version=317_agent_mcp_server_server_index direction=up
  up  317_agent_mcp_server_server_index
  up  318_drop_workspace_mcp_config
  up  319_remote_mcp_plugin_v1
23:18:51.025 INF running pre-migration hook version=320_plugin_installation_config_revision_index direction=up
  up  320_plugin_installation_config_revision_index
23:18:51.031 INF running pre-migration hook version=321_plugin_installation_config_workspace_index direction=up
  up  321_plugin_installation_config_workspace_index
23:18:51.036 INF running pre-migration hook version=322_plugin_remote_mcp_secret_revision_index direction=up
  up  322_plugin_remote_mcp_secret_revision_index
23:18:51.042 INF running pre-migration hook version=323_plugin_remote_mcp_secret_workspace_index direction=up
  up  323_plugin_remote_mcp_secret_workspace_index
23:18:51.048 INF running pre-migration hook version=324_plugin_remote_mcp_one_active_secret_index direction=up
  up  324_plugin_remote_mcp_one_active_secret_index
  up  325_plugin_remote_mcp_oauth
23:18:51.059 INF running pre-migration hook version=326_plugin_remote_mcp_oauth_state_expiry_index direction=up
  up  326_plugin_remote_mcp_oauth_state_expiry_index
  up  327_workspace_share_link
23:18:51.069 INF running pre-migration hook version=328_workspace_share_link_id_uidx direction=up
  up  328_workspace_share_link_id_uidx
  up  329_workspace_share_link_primary_key
23:18:51.078 INF running pre-migration hook version=330_workspace_share_link_active_ws_uidx direction=up
  up  330_workspace_share_link_active_ws_uidx
23:18:51.083 INF running pre-migration hook version=331_workspace_share_link_code_uidx direction=up
  up  331_workspace_share_link_code_uidx
  up  332_issue_status
23:18:51.093 INF running pre-migration hook version=333_issue_status_pkey_index direction=up
  up  333_issue_status_pkey_index
  up  334_issue_status_primary_key
23:18:51.102 INF running pre-migration hook version=335_issue_status_workspace_key_index direction=up
  up  335_issue_status_workspace_key_index
23:18:51.107 INF running pre-migration hook version=336_issue_status_workspace_name_index direction=up
  up  336_issue_status_workspace_name_index
  up  337_issue_status_open_check
  up  338_issue_status_validate_format
  up  339_seed_issue_status_catalog
  up  340_issue_effective_status_fn
  up  341_issue_property_actor_types
  up  342_runtime_profile_add_mcode
23:18:51.132 INF running pre-migration hook version=343_comment_delegated_failure_pending_index direction=up
  up  343_comment_delegated_failure_pending_index
  up  344_plugin_v2_reset
23:18:51.150 INF running pre-migration hook version=345_plugin_installation_workspace_key_index direction=up
  up  345_plugin_installation_workspace_key_index
23:18:51.156 INF running pre-migration hook version=346_plugin_storage_scope_key_index direction=up
  up  346_plugin_storage_scope_key_index
23:18:51.162 INF running pre-migration hook version=347_plugin_secret_installation_key_index direction=up
  up  347_plugin_secret_installation_key_index
  up  348_plugin_via_attribution
23:18:51.171 INF running pre-migration hook version=349_agent_task_queue_chat_terminal_resume_index direction=up
  up  349_agent_task_queue_chat_terminal_resume_index
23:18:51.177 INF running pre-migration hook version=350_agent_task_queue_chat_retired_session_index direction=up
  up  350_agent_task_queue_chat_retired_session_index
  up  351_issue_comment_revision
  up  352_autopilot_quota_execution
23:18:51.191 INF running pre-migration hook version=353_autopilot_quota_period_scope_index direction=up
  up  353_autopilot_quota_period_scope_index
23:18:51.197 INF running pre-migration hook version=354_autopilot_quota_reservation_id_index direction=up
  up  354_autopilot_quota_reservation_id_index
23:18:51.203 INF running pre-migration hook version=355_autopilot_quota_reservation_key_index direction=up
  up  355_autopilot_quota_reservation_key_index
23:18:51.209 INF running pre-migration hook version=356_autopilot_run_quota_reservation_index direction=up
  up  356_autopilot_run_quota_reservation_index
23:18:51.216 INF running pre-migration hook version=357_webhook_delivery_replay_idempotency_index direction=up
  up  357_webhook_delivery_replay_idempotency_index
23:18:51.222 INF running pre-migration hook version=358_autopilot_quota_reservation_state_index direction=up
  up  358_autopilot_quota_reservation_state_index
  up  359_autopilot_quota_primary_keys
  up  360_issue_last_activity_at
23:18:51.234 INF running pre-migration hook version=361_issue_last_activity_index direction=up
  up  361_issue_last_activity_index
  up  362_plugin_hook_engine
23:18:51.245 INF running pre-migration hook version=363_plugin_invocation_installation_index direction=up
  up  363_plugin_invocation_installation_index
23:18:51.251 INF running pre-migration hook version=364_plugin_invocation_created_at_index direction=up
  up  364_plugin_invocation_created_at_index
  up  365_plugin_comment_author_type_validate
  up  366_issue_origin_telegram_chat
  up  367_issue_origin_telegram_chat_validate
  up  368_skill_plugin_ownership
  up  369_plugin_mcp_approvals
  up  370_runtime_profile_add_dim
  up  371_comment_content_search_index_strategy (SQL skipped: preferred index public.idx_comment_content_bigm is unavailable or unusable)
  up  375_drop_issue_last_activity_index
  up  376_agent_task_durable_work_dir
  up  377_channel_chat_context_generation
23:18:51.294 INF running pre-migration hook version=378_channel_chat_context_generation_key direction=up
  up  378_channel_chat_context_generation_key
  up  379_channel_context_mixed_version_guard
  up  382_remove_dingtalk_group_routing_bindings
  up  383_create_dingtalk_group_presence
23:18:51.311 INF running pre-migration hook version=384_create_dingtalk_group_presence_identity_index direction=up
  up  384_create_dingtalk_group_presence_identity_index
23:18:51.318 INF running pre-migration hook version=385_create_dingtalk_group_presence_activity_index direction=up
  up  385_create_dingtalk_group_presence_activity_index
  up  386_backfill_dingtalk_group_presence
  up  387_create_dingtalk_bot_identity
23:18:51.332 INF running pre-migration hook version=388_create_dingtalk_bot_identity_installation_index direction=up
  up  388_create_dingtalk_bot_identity_installation_index
  up  389_backfill_dingtalk_bot_identity
23:18:51.342 INF running pre-migration hook version=390_agent_task_queue_dispatched_reclaim_v2_index direction=up
  up  390_agent_task_queue_dispatched_reclaim_v2_index
  up  391_drop_agent_task_queue_dispatched_prepare_index
  up  392_plugin_package_publishing
23:18:51.364 INF running pre-migration hook version=393_plugin_package_workspace_key_index direction=up
  up  393_plugin_package_workspace_key_index
23:18:51.370 INF running pre-migration hook version=394_plugin_package_version_unique_index direction=up
  up  394_plugin_package_version_unique_index
23:18:51.375 INF running pre-migration hook version=395_plugin_package_version_package_index direction=up
  up  395_plugin_package_version_package_index
23:18:51.381 INF running pre-migration hook version=396_plugin_package_file_path_index direction=up
  up  396_plugin_package_file_path_index
23:18:51.387 INF running pre-migration hook version=397_plugin_installation_package_version_index direction=up
  up  397_plugin_installation_package_version_index
23:18:51.393 INF running pre-migration hook version=398_issue_workspace_status_position_index direction=up
  up  398_issue_workspace_status_position_index
  up  399_plugin_hook_schedule
23:18:51.404 INF running pre-migration hook version=400_plugin_hook_schedule_installation_key_index direction=up
  up  400_plugin_hook_schedule_installation_key_index
23:18:51.410 INF running pre-migration hook version=401_plugin_hook_schedule_enabled_index direction=up
  up  401_plugin_hook_schedule_enabled_index
  up  402_plugin_invocation_schedule_trigger_validate
  up  403_runtime_profile_add_zeroclaw
  up  404_agent_starter_prompts
  up  407_issue_source_context
23:18:51.433 INF running pre-migration hook version=408_issue_source_context_id_index direction=up
  up  408_issue_source_context_id_index
23:18:51.439 INF running pre-migration hook version=409_issue_source_context_issue_index direction=up
  up  409_issue_source_context_issue_index
23:18:51.446 INF running pre-migration hook version=410_issue_source_context_origin_task_index direction=up
  up  410_issue_source_context_origin_task_index
23:18:51.452 INF running pre-migration hook version=411_attachment_source_context_index direction=up
  up  411_attachment_source_context_index
23:18:51.459 INF running pre-migration hook version=412_issue_source_context_object_intent_key_index direction=up
  up  412_issue_source_context_object_intent_key_index
23:18:51.465 INF running pre-migration hook version=413_issue_source_context_object_intent_due_index direction=up
  up  413_issue_source_context_object_intent_due_index
23:18:51.471 INF running pre-migration hook version=414_issue_source_context_object_intent_context_index direction=up
  up  414_issue_source_context_object_intent_context_index
  up  415_seat_capacity_outbox
23:18:51.482 INF running pre-migration hook version=416_seat_capacity_operation_token_index direction=up
  up  416_seat_capacity_operation_token_index
  up  417_seat_capacity_primary_key
23:18:51.493 INF running pre-migration hook version=418_seat_capacity_due_index direction=up
  up  418_seat_capacity_due_index
23:18:51.499 INF running pre-migration hook version=419_seat_capacity_share_join_index direction=up
  up  419_seat_capacity_share_join_index
  up  420_channel_chat_route_generation
23:18:51.510 INF running pre-migration hook version=421_channel_chat_active_route_index direction=up
  up  421_channel_chat_active_route_index
  up  422_channel_chat_route_history
23:18:51.518 INF running pre-migration hook version=423_channel_task_delivery_pkey_index direction=up
  up  423_channel_task_delivery_pkey_index
  up  424_channel_task_delivery_primary_key
  up  425_channel_outbound_message
23:18:51.533 INF running pre-migration hook version=426_channel_outbound_message_id_index direction=up
  up  426_channel_outbound_message_id_index
  up  427_channel_task_delivery_backfill
23:18:51.541 INF running pre-migration hook version=428_channel_task_delivery_binding_index direction=up
  up  428_channel_task_delivery_binding_index
23:18:51.547 INF running pre-migration hook version=429_channel_task_delivery_installation_index direction=up
  up  429_channel_task_delivery_installation_index
23:18:51.553 INF running pre-migration hook version=430_channel_outbound_message_binding_index direction=up
  up  430_channel_outbound_message_binding_index
23:18:51.559 INF running pre-migration hook version=431_chat_explicit_origin_backfill direction=up
23:18:51.561 INF Chat origin backfill: complete visited=0 backfilled=0 pages=0
  up  431_chat_explicit_origin_backfill
  up  432_agent_conversation_starters_rename
  up  437_drop_agent_runtime_last_seen_at_index
23:18:51.572 INF running pre-migration hook version=438_agent_runtime_online_last_seen_index direction=up
  up  438_agent_runtime_online_last_seen_index
23:18:51.578 INF running pre-migration hook version=439_agent_runtime_offline_last_seen_index direction=up
  up  439_agent_runtime_offline_last_seen_index
23:18:51.584 INF running pre-migration hook version=440_github_pr_head_sha_index direction=up
  up  440_github_pr_head_sha_index
  up  441_runtime_profile_add_codearts
  up  442_vcs_reference_only_repair
23:18:51.595 INF running pre-migration hook version=443_issue_project_status_index direction=up
  up  443_issue_project_status_index
  up  444_comment_recovery_settled_at
23:18:51.605 INF running pre-migration hook version=445_comment_delegated_failure_unsettled_index direction=up
  up  445_comment_delegated_failure_unsettled_index
23:18:51.611 INF running pre-migration hook version=446_issue_properties_bigm_index direction=up
  up  446_issue_properties_bigm_index (SQL skipped: operator class gin_bigm_ops (pg_bigm) is not installed)
  up  447_issue_properties_bigm_index_statistics
  up  448_autopilot_quota_rejection_notified_at
  up  449_autopilot_trigger_created_by
  up  450_drop_comment_delegated_failure_pending_index
  up  451_agent_task_comment_thread
23:18:51.633 INF running pre-migration hook version=452_agent_task_pending_thread_unique direction=up
  up  452_agent_task_pending_thread_unique
  up  453_drop_pending_issue_agent_unique
  up  454_drop_comment_content_bigm_index
  up  455_drop_comment_content_trgm_index
  up  456_cancel_comment_assignee_fallbacks
  up  457_task_message_output_truncated
  up  458_agent_task_cancellation_actor
23:18:51.658 INF running pre-migration hook version=459_chat_message_assistant_task_index direction=up
  up  459_chat_message_assistant_task_index
23:18:51.664 INF running pre-migration hook version=460_agent_task_queue_autopilot_run_created_at_index direction=up
  up  460_agent_task_queue_autopilot_run_created_at_index
  up  461_channel_trigger_snapshot
  up  462_delete_reference_only_pr_links
  up  463_drop_issue_description_bigm_index
  up  464_drop_issue_description_trgm_index
23:18:51.680 INF running pre-migration hook version=465_agent_task_queue_chat_with_session_index direction=up
  up  465_agent_task_queue_chat_with_session_index
23:18:51.685 INF running pre-migration hook version=466_activity_log_member_assignee_frequency_index direction=up
  up  466_activity_log_member_assignee_frequency_index
  up  467_autopilot_trigger_creator_from_autopilot
  up  468_drop_reference_only_column
  up  469_issue_status_lifecycle_categories (SQL skipped: superseded by 478 compatibility expansion; backfill runs separately (MUL-7365))
  up  470_issue_status_icon
  up  471_comment_deleted_at
23:18:51.706 INF running pre-migration hook version=472_agent_task_queue_chat_session_index direction=up
  up  472_agent_task_queue_chat_session_index
  up  473_drop_agent_task_queue_chat_with_session_index
23:18:51.718 INF running pre-migration hook version=474_dingtalk_bot_identity_workspace_index direction=up
  up  474_dingtalk_bot_identity_workspace_index
  up  475_issue_status_key_not_reserved
  up  476_reserve_triage_status_key
  up  477_issue_effective_status_triage
  up  478_issue_status_category_expand
Done.
